
  VITE v7.3.1  ready in 33906 ms

  ➜  Local:   http://localhost:3000/
  ➜  Network: http://192.168.0.104:3000/
  ➜  Network: http://172.24.32.1:3000/
  ➜  Network: http://172.19.96.1:3000/
10:47:36 PM [vite] (client) hmr update /src/pages/ParticleVfx.tsx, /src/index.css
10:47:36 PM [vite] (client) hmr update /src/pages/ParticleVfx.tsx, /src/index.css
10:48:53 PM [vite] (client) hmr update /src/pages/ParticleVfx.tsx, /src/index.css
10:50:17 PM [vite] (client) hmr update /src/pages/ParticleVfx.tsx, /src/index.css
10:50:18 PM [vite] (client) hmr update /src/pages/ParticleVfx.tsx, /src/index.css
10:51:56 PM [vite] (client) hmr update /src/pages/ParticleVfx.tsx, /src/index.css
10:53:23 PM [vite] (client) hmr update /src/pages/ParticleVfx.tsx, /src/index.css
10:56:49 PM [vite] (client) hmr update /src/pages/ParticleVfx.tsx, /src/index.css
10:58:38 PM [vite] (client) hmr update /src/pages/ParticleVfx.tsx, /src/index.css
11:01:32 PM [vite] (client) hmr update /src/pages/ParticleVfx.tsx, /src/index.css
11:04:48 PM [vite] (client) hmr update /src/pages/ParticleVfx.tsx, /src/index.css
11:06:16 PM [vite] (client) hmr update /src/pages/ParticleVfx.tsx, /src/index.css
11:07:54 PM [vite] (client) hmr update /src/pages/ParticleVfx.tsx, /src/index.css
11:09:31 PM [vite] (client) hmr update /src/pages/ParticleVfx.tsx, /src/index.css
11:13:21 PM [vite] (client) hmr update /src/pages/ParticleVfx.tsx, /src/index.css
11:13:21 PM [vite] (client) hmr update /src/pages/ParticleVfx.tsx, /src/index.css
11:15:34 PM [vite] (client) hmr update /src/pages/ParticleVfx.tsx, /src/index.css
11:17:42 PM [vite] (client) hmr update /src/pages/ParticleVfx.tsx, /src/index.css
11:19:34 PM [vite] (client) hmr update /src/pages/ParticleVfx.tsx, /src/index.css
11:22:09 PM [vite] (client) hmr update /src/pages/ParticleVfx.tsx, /src/index.css
11:25:18 PM [vite] (client) hmr update /src/pages/ParticleVfx.tsx, /src/index.css
11:27:22 PM [vite] (client) hmr update /src/pages/ParticleVfx.tsx, /src/index.css
12:47:25 AM [vite] (client) hmr update /src/pages/ParticleVfx.tsx, /src/index.css
12:48:42 AM [vite] (client) hmr update /src/pages/ParticleVfx.tsx, /src/index.css
12:52:53 AM [vite] (client) hmr update /src/pages/ParticleVfx.tsx, /src/index.css
12:56:02 AM [vite] (client) hmr update /src/pages/ParticleVfx.tsx, /src/index.css
12:59:25 AM [vite] (client) hmr update /src/pages/ParticleVfx.tsx, /src/index.css
1:02:07 AM [vite] (client) hmr update /src/pages/ParticleVfx.tsx, /src/index.css
1:02:08 AM [vite] (client) hmr update /src/pages/ParticleVfx.tsx, /src/index.css
1:04:58 AM [vite] (client) hmr update /src/pages/ParticleVfx.tsx, /src/index.css
1:09:32 AM [vite] (client) hmr update /src/pages/ParticleVfx.tsx, /src/index.css
1:18:53 AM [vite] (client) hmr update /src/pages/ParticleVfx.tsx, /src/index.css
1:23:23 AM [vite] (client) hmr update /src/pages/ParticleVfx.tsx, /src/index.css
1:27:16 AM [vite] (client) hmr update /src/pages/ParticleVfx.tsx, /src/index.css
1:31:59 AM [vite] (client) hmr update /src/pages/ParticleVfx.tsx, /src/index.css
1:34:39 AM [vite] (client) hmr update /src/pages/ParticleVfx.tsx, /src/index.css
1:34:39 AM [vite] (client) hmr update /src/pages/ParticleVfx.tsx, /src/index.css
1:51:36 AM [vite] (client) hmr update /src/pages/ParticleVfx.tsx, /src/index.css
1:53:28 AM [vite] (client) hmr update /src/pages/ParticleVfx.tsx, /src/index.css
2:01:04 AM [vite] (client) hmr update /src/pages/ParticleVfx.tsx, /src/index.css
2:06:24 AM [vite] (client) hmr update /src/pages/ParticleVfx.tsx, /src/index.css
2:09:08 AM [vite] (client) hmr update /src/pages/ParticleVfx.tsx, /src/index.css
2:14:52 AM [vite] (client) hmr update /src/pages/ParticleVfx.tsx, /src/index.css
2:14:52 AM [vite] (client) hmr update /src/pages/ParticleVfx.tsx, /src/index.css
2:18:35 AM [vite] (client) hmr update /src/pages/ParticleVfx.tsx, /src/index.css
2:21:36 AM [vite] (client) hmr update /src/pages/ParticleVfx.tsx, /src/index.css
2:42:37 AM [vite] (client) hmr update /src/pages/ParticleVfx.tsx, /src/index.css
2:43:31 AM [vite] (client) hmr update /src/pages/ParticleVfx.tsx, /src/index.css
